Archive member included to satisfy reference by file (symbol)

c:/program files (x86)/atmel/studio/7.0/toolchain/avr8/avr8-gnu-toolchain/bin/../lib/gcc/avr/4.9.2/../../../../avr/lib/avr5\libm.a(divsf3.o)
                              Sketch.o (__divsf3)
c:/program files (x86)/atmel/studio/7.0/toolchain/avr8/avr8-gnu-toolchain/bin/../lib/gcc/avr/4.9.2/../../../../avr/lib/avr5\libm.a(divsf3x.o)
                              c:/program files (x86)/atmel/studio/7.0/toolchain/avr8/avr8-gnu-toolchain/bin/../lib/gcc/avr/4.9.2/../../../../avr/lib/avr5\libm.a(divsf3.o) (__divsf3x)
c:/program files (x86)/atmel/studio/7.0/toolchain/avr8/avr8-gnu-toolchain/bin/../lib/gcc/avr/4.9.2/../../../../avr/lib/avr5\libm.a(fixunssfsi.o)
                              Sketch.o (__fixunssfsi)
c:/program files (x86)/atmel/studio/7.0/toolchain/avr8/avr8-gnu-toolchain/bin/../lib/gcc/avr/4.9.2/../../../../avr/lib/avr5\libm.a(floatsisf.o)
                              Sketch.o (__floatunsisf)
c:/program files (x86)/atmel/studio/7.0/toolchain/avr8/avr8-gnu-toolchain/bin/../lib/gcc/avr/4.9.2/../../../../avr/lib/avr5\libm.a(fp_inf.o)
                              c:/program files (x86)/atmel/studio/7.0/toolchain/avr8/avr8-gnu-toolchain/bin/../lib/gcc/avr/4.9.2/../../../../avr/lib/avr5\libm.a(divsf3x.o) (__fp_inf)
c:/program files (x86)/atmel/studio/7.0/toolchain/avr8/avr8-gnu-toolchain/bin/../lib/gcc/avr/4.9.2/../../../../avr/lib/avr5\libm.a(fp_nan.o)
                              c:/program files (x86)/atmel/studio/7.0/toolchain/avr8/avr8-gnu-toolchain/bin/../lib/gcc/avr/4.9.2/../../../../avr/lib/avr5\libm.a(divsf3x.o) (__fp_nan)
c:/program files (x86)/atmel/studio/7.0/toolchain/avr8/avr8-gnu-toolchain/bin/../lib/gcc/avr/4.9.2/../../../../avr/lib/avr5\libm.a(fp_pscA.o)
                              c:/program files (x86)/atmel/studio/7.0/toolchain/avr8/avr8-gnu-toolchain/bin/../lib/gcc/avr/4.9.2/../../../../avr/lib/avr5\libm.a(divsf3x.o) (__fp_pscA)
c:/program files (x86)/atmel/studio/7.0/toolchain/avr8/avr8-gnu-toolchain/bin/../lib/gcc/avr/4.9.2/../../../../avr/lib/avr5\libm.a(fp_pscB.o)
                              c:/program files (x86)/atmel/studio/7.0/toolchain/avr8/avr8-gnu-toolchain/bin/../lib/gcc/avr/4.9.2/../../../../avr/lib/avr5\libm.a(divsf3x.o) (__fp_pscB)
c:/program files (x86)/atmel/studio/7.0/toolchain/avr8/avr8-gnu-toolchain/bin/../lib/gcc/avr/4.9.2/../../../../avr/lib/avr5\libm.a(fp_round.o)
                              c:/program files (x86)/atmel/studio/7.0/toolchain/avr8/avr8-gnu-toolchain/bin/../lib/gcc/avr/4.9.2/../../../../avr/lib/avr5\libm.a(divsf3.o) (__fp_round)
c:/program files (x86)/atmel/studio/7.0/toolchain/avr8/avr8-gnu-toolchain/bin/../lib/gcc/avr/4.9.2/../../../../avr/lib/avr5\libm.a(fp_split3.o)
                              c:/program files (x86)/atmel/studio/7.0/toolchain/avr8/avr8-gnu-toolchain/bin/../lib/gcc/avr/4.9.2/../../../../avr/lib/avr5\libm.a(divsf3x.o) (__fp_split3)
c:/program files (x86)/atmel/studio/7.0/toolchain/avr8/avr8-gnu-toolchain/bin/../lib/gcc/avr/4.9.2/../../../../avr/lib/avr5\libm.a(fp_zero.o)
                              c:/program files (x86)/atmel/studio/7.0/toolchain/avr8/avr8-gnu-toolchain/bin/../lib/gcc/avr/4.9.2/../../../../avr/lib/avr5\libm.a(fixunssfsi.o) (__fp_zero)
c:/program files (x86)/atmel/studio/7.0/toolchain/avr8/avr8-gnu-toolchain/bin/../lib/gcc/avr/4.9.2/../../../../avr/lib/avr5\libm.a(mulsf3.o)
                              Sketch.o (__mulsf3)
c:/program files (x86)/atmel/studio/7.0/toolchain/avr8/avr8-gnu-toolchain/bin/../lib/gcc/avr/4.9.2/../../../../avr/lib/avr5\libm.a(mulsf3x.o)
                              c:/program files (x86)/atmel/studio/7.0/toolchain/avr8/avr8-gnu-toolchain/bin/../lib/gcc/avr/4.9.2/../../../../avr/lib/avr5\libm.a(mulsf3.o) (__mulsf3x)
C:\Users\Mike\Google Drive\Projects\metronome\source_code\Metronome\Metronome\ArduinoCore\Release\libArduinoCore.a(abi.o)
                              src/libraries/LiquidCrystal/src/LCD.o (__cxa_pure_virtual)
C:\Users\Mike\Google Drive\Projects\metronome\source_code\Metronome\Metronome\ArduinoCore\Release\libArduinoCore.a(HardwareSerial.o)
                              src/libraries/SD/src/utility/SdFile.o (_ZN14HardwareSerial5writeEh)
C:\Users\Mike\Google Drive\Projects\metronome\source_code\Metronome\Metronome\ArduinoCore\Release\libArduinoCore.a(HardwareSerial0.o)
                              Sketch.o (Serial)
C:\Users\Mike\Google Drive\Projects\metronome\source_code\Metronome\Metronome\ArduinoCore\Release\libArduinoCore.a(main.o)
                              C:/Program Files (x86)/Atmel/Studio/7.0/Packs/atmel/ATmega_DFP/1.0.98/gcc/dev/atmega328p/avr5/crtatmega328p.o (main)
C:\Users\Mike\Google Drive\Projects\metronome\source_code\Metronome\Metronome\ArduinoCore\Release\libArduinoCore.a(Print.o)
                              src/libraries/LiquidCrystal/src/LCD.o (_ZN5Print5writeEPKhj)
[...]
Memory Configuration

Name             Origin             Length             Attributes
text             0x00000000         0x00020000         xr
data             0x00800060         0x0000ffa0         rw !x
eeprom           0x00810000         0x00010000         rw !x
fuse             0x00820000         0x00000400         rw !x
lock             0x00830000         0x00000400         rw !x
signature        0x00840000         0x00000400         rw !x
user_signatures  0x00850000         0x00000400         rw !x
*default*        0x00000000         0xffffffff

Linker script and memory map

Address of section .data set to 0x800100
LOAD C:/Program Files (x86)/Atmel/Studio/7.0/Packs/atmel/ATmega_DFP/1.0.98/gcc/dev/atmega328p/avr5/crtatmega328p.o
LOAD Sketch.o
LOAD src/libraries/LiquidCrystal/src/I2CIO.o
LOAD src/libraries/LiquidCrystal/src/LCD.o
LOAD src/libraries/LiquidCrystal/src/LiquidCrystal.o
LOAD src/libraries/LiquidCrystal/src/LiquidCrystal_I2C.o
LOAD src/libraries/SD/src/File.o
LOAD src/libraries/SD/src/SD.o
LOAD src/libraries/SD/src/utility/Sd2Card.o
LOAD src/libraries/SD/src/utility/SdFile.o
LOAD src/libraries/SD/src/utility/SdVolume.o
LOAD src/libraries/SPI/src/SPI.o
LOAD src/libraries/TimerOne/TimerOne.o
LOAD src/libraries/Wire/src/utility/twi.o
LOAD src/libraries/Wire/src/Wire.o
START GROUP
LOAD c:/program files (x86)/atmel/studio/7.0/toolchain/avr8/avr8-gnu-toolchain/bin/../lib/gcc/avr/4.9.2/../../../../avr/lib/avr5\libm.a
LOAD C:\Users\Mike\Google Drive\Projects\metronome\source_code\Metronome\Metronome\ArduinoCore\Release\libArduinoCore.a
END GROUP
LOAD c:/program files (x86)/atmel/studio/7.0/toolchain/avr8/avr8-gnu-toolchain/bin/../lib/gcc/avr/4.9.2/avr5\libgcc.a
LOAD c:/program files (x86)/atmel/studio/7.0/toolchain/avr8/avr8-gnu-toolchain/bin/../lib/gcc/avr/4.9.2/../../../../avr/lib/avr5\libm.a
START GROUP
LOAD c:/program files (x86)/atmel/studio/7.0/toolchain/avr8/avr8-gnu-toolchain/bin/../lib/gcc/avr/4.9.2/avr5\libgcc.a
LOAD c:/program files (x86)/atmel/studio/7.0/toolchain/avr8/avr8-gnu-toolchain/bin/../lib/gcc/avr/4.9.2/../../../../avr/lib/avr5\libm.a
LOAD c:/program files (x86)/atmel/studio/7.0/toolchain/avr8/avr8-gnu-toolchain/bin/../lib/gcc/avr/4.9.2/../../../../avr/lib/avr5\libc.a
LOAD C:/Program Files (x86)/Atmel/Studio/7.0/Packs/atmel/ATmega_DFP/1.0.98/gcc/dev/atmega328p/avr5\libatmega328p.a
END GROUP

.hash
 *(.hash)

.dynsym
 *(.dynsym)

.dynstr
 *(.dynstr)

.gnu.version
 *(.gnu.version)

.gnu.version_d
 *(.gnu.version_d)

.gnu.version_r
 *(.gnu.version_r)

.rel.init
 *(.rel.init)

.rela.init
 *(.rela.init)

.rel.text
 *(.rel.text)
 *(.rel.text.*)
 *(.rel.gnu.linkonce.t*)

.rela.text
 *(.rela.text)
 *(.rela.text.*)
 *(.rela.gnu.linkonce.t*)

.rel.fini
 *(.rel.fini)

.rela.fini
 *(.rela.fini)

.rel.rodata
 *(.rel.rodata)
 *(.rel.rodata.*)
 *(.rel.gnu.linkonce.r*)

.rela.rodata
 *(.rela.rodata)
 *(.rela.rodata.*)
 *(.rela.gnu.linkonce.r*)

.rel.data
 *(.rel.data)
 *(.rel.data.*)
 *(.rel.gnu.linkonce.d*)

.rela.data
 *(.rela.data)
 *(.rela.data.*)
 *(.rela.gnu.linkonce.d*)

.rel.ctors
 *(.rel.ctors)

.rela.ctors
 *(.rela.ctors)

.rel.dtors
 *(.rel.dtors)

.rela.dtors
 *(.rela.dtors)

.rel.got
 *(.rel.got)

.rela.got
 *(.rela.got)

.rel.bss
 *(.rel.bss)

.rela.bss
 *(.rela.bss)

.rel.plt
 *(.rel.plt)

.rela.plt
 *(.rela.plt)

.text           0x00000000     0x4b52
 *(.vectors)
 .vectors       0x00000000       0x68 C:/Program Files (x86)/Atmel/Studio/7.0/Packs/atmel/ATmega_DFP/1.0.98/gcc/dev/atmega328p/avr5/crtatmega328p.o
                0x00000000                __vector_default
                0x00000000                __vectors
 *(.vectors)
 *(.progmem.gcc*)
                0x00000068                . = ALIGN (0x2)
                0x00000068                __trampolines_start = .
 *(.trampolines)
 .trampolines   0x00000068        0x0 linker stubs
 *(.trampolines*)
                0x00000068                __trampolines_end = .
 *(.progmem*)
 .progmem.data._ZZN6SdFile10make83NameEPKcPhE3__c
                0x00000068       0x10 src/libraries/SD/src/utility/SdFile.o
 .progmem.data.digital_pin_to_timer_PGM
                0x00000078       0x14 C:\Users\Mike\Google Drive\Projects\metronome\source_code\Metronome\Metronome\ArduinoCore\Release\libArduinoCore.a(wiring_digital.o)
                0x00000078                digital_pin_to_timer_PGM
 .progmem.data.digital_pin_to_bit_mask_PGM
                0x0000008c       0x14 C:\Users\Mike\Google Drive\Projects\metronome\source_code\Metronome\Metronome\ArduinoCore\Release\libArduinoCore.a(wiring_digital.o)
                0x0000008c                digital_pin_to_bit_mask_PGM
 .progmem.data.digital_pin_to_port_PGM
                0x000000a0       0x14 C:\Users\Mike\Google Drive\Projects\metronome\source_code\Metronome\Metronome\ArduinoCore\Release\libArduinoCore.a(wiring_digital.o)
                0x000000a0                digital_pin_to_port_PGM
 .progmem.data.port_to_input_PGM
                0x000000b4        0xa C:\Users\Mike\Google Drive\Projects\metronome\source_code\Metronome\Metronome\ArduinoCore\Release\libArduinoCore.a(wiring_digital.o)
                0x000000b4                port_to_input_PGM
 .progmem.data.port_to_output_PGM
                0x000000be        0xa C:\Users\Mike\Google Drive\Projects\metronome\source_code\Metronome\Metronome\ArduinoCore\Release\libArduinoCore.a(wiring_digital.o)
                0x000000be                port_to_output_PGM
 .progmem.data.port_to_mode_PGM
                0x000000c8        0xa C:\Users\Mike\Google Drive\Projects\metronome\source_code\Metronome\Metronome\ArduinoCore\Release\libArduinoCore.a(wiring_digital.o)
                0x000000c8                port_to_mode_PGM
                0x000000d2                . = ALIGN (0x2)
 *(.jumptables)
 *(.jumptables*)
 *(.lowtext)
 *(.lowtext*)
                0x000000d2                __ctors_start = .
 *(.ctors)
 .ctors         0x000000d2        0x2 Sketch.o
 .ctors         0x000000d4        0x2 src/libraries/SD/src/SD.o
 .ctors         0x000000d6        0x2 src/libraries/SD/src/utility/Sd2Card.o
 .ctors         0x000000d8        0x2 src/libraries/Wire/src/Wire.o
 .ctors         0x000000da        0x2 C:\Users\Mike\Google Drive\Projects\metronome\source_code\Metronome\Metronome\ArduinoCore\Release\libArduinoCore.a(HardwareSerial0.o)
                0x000000dc                __ctors_end = .
                0x000000dc                __dtors_start = .
 *(.dtors)
                0x000000dc                __dtors_end = .
 SORT(*)(.ctors)
 SORT(*)(.dtors)
 *(.init0)
 .init0         0x000000dc        0x0 C:/Program Files (x86)/Atmel/Studio/7.0/Packs/atmel/ATmega_DFP/1.0.98/gcc/dev/atmega328p/avr5/crtatmega328p.o
                0x000000dc                __init
 *(.init0)
 *(.init1)
 *(.init1)
 *(.init2)
 .init2         0x000000dc        0xc C:/Program Files (x86)/Atmel/Studio/7.0/Packs/atmel/ATmega_DFP/1.0.98/gcc/dev/atmega328p/avr5/crtatmega328p.o
 *(.init2)
 *(.init3)
 *(.init3)
 *(.init4)
 .init4         0x000000e8       0x16 c:/program files (x86)/atmel/studio/7.0/toolchain/avr8/avr8-gnu-toolchain/bin/../lib/gcc/avr/4.9.2/avr5\libgcc.a(_copy_data.o)
                0x000000e8                __do_copy_data
 .init4         0x000000fe       0x10 c:/program files (x86)/atmel/studio/7.0/toolchain/avr8/avr8-gnu-toolchain/bin/../lib/gcc/avr/4.9.2/avr5\libgcc.a(_clear_bss.o)
                0x000000fe                __do_clear_bss
 *(.init4)
 *(.init5)
 *(.init5)
 *(.init6)
 .init6         0x0000010e       0x16 c:/program files (x86)/atmel/studio/7.0/toolchain/avr8/avr8-gnu-toolchain/bin/../lib/gcc/avr/4.9.2/avr5\libgcc.a(_ctors.o)
                0x0000010e                __do_global_ctors
 *(.init6)
 *(.init7)
 *(.init7)
 *(.init8)
 *(.init8)
 *(.init9)
 .init9         0x00000124        0x8 C:/Program Files (x86)/Atmel/Studio/7.0/Packs/atmel/ATmega_DFP/1.0.98/gcc/dev/atmega328p/avr5/crtatmega328p.o
 *(.init9)
 *(.text)
 .text          0x0000012c        0x4 C:/Program Files (x86)/Atmel/Studio/7.0/Packs/atmel/ATmega_DFP/1.0.98/gcc/dev/atmega328p/avr5/crtatmega328p.o
                0x0000012c                __vector_22
                0x0000012c                __vector_1
                0x0000012c                __vector_12
                0x0000012c                __bad_interrupt
                0x0000012c                __vector_6
                0x0000012c                __vector_23
                0x0000012c                __vector_25
                0x0000012c                __vector_11
                0x0000012c                __vector_17
                0x0000012c                __vector_7
                0x0000012c                __vector_4
                0x0000012c                __vector_9
                0x0000012c                __vector_2
                0x0000012c                __vector_21
                0x0000012c                __vector_15
                0x0000012c                __vector_8
                0x0000012c                __vector_14
                0x0000012c                __vector_10
                0x0000012c                __vector_20
                0x00000130                . = ALIGN (0x2)
 *(.text.*)
 .text._Z16toggle_indicatorv
                0x00000130       0x10 Sketch.o
                0x00000130                _Z16toggle_indicatorv
 .text.loop     0x00000140        0x2 Sketch.o
                0x00000140                loop
 .text._Z23calc_timer_val_from_bpmh
                0x00000142       0x8e Sketch.o
                0x00000142                _Z23calc_timer_val_from_bpmh
 .text._Z9initTimerv
                0x000001d0      0x128 Sketch.o
                0x000001d0                _Z9initTimerv
 .text._Z17update_start_stopv
                0x000002f8      0x11e Sketch.o
                0x000002f8                _Z17update_start_stopv
 .text._Z13decrement_bpmv
                0x00000416      0x162 Sketch.o
                0x00000416                _Z13decrement_bpmv
 .text._Z13increment_bpmv
                0x00000578      0x16e Sketch.o
                0x00000578                _Z13increment_bpmv
 .text._Z8pciSetuph
                0x000006e6       0xb4 Sketch.o
                0x000006e6                _Z8pciSetuph
 .text.__vector_5
                0x0000079a       0xaa Sketch.o
                0x0000079a                __vector_5
 .text._Z16initButtonIoPinsv
                0x00000844       0x36 Sketch.o
                0x00000844                _Z16initButtonIoPinsv
 .text._Z25decrement_file_line_indexv
                0x0000087a        0xc Sketch.o
                0x0000087a                _Z25decrement_file_line_indexv
 .text._Z25increment_file_line_indexv
                0x00000886        0xc Sketch.o
                0x00000886                _Z25increment_file_line_indexv
 .text.__vector_3
                0x00000892       0x7a Sketch.o
                0x00000892                __vector_3
 .text.startup._GLOBAL__sub_I_start_stop_flag
                0x0000090c       0x40 Sketch.o
 .text._Z11initDisplayv
                0x0000094c       0x20 Sketch.o
                0x0000094c                _Z11initDisplayv
 .text._Z18initConfigFileDatav
                0x0000096c      0x114 Sketch.o
                0x0000096c                _Z18initConfigFileDatav
 .text._Z10initSdCardv
                0x00000a80       0x1e Sketch.o
                0x00000a80                _Z10initSdCardv
 .text.setup    0x00000a9e       0x3a Sketch.o
                0x00000a9e                setup
 .text._ZN5I2CIOC2Ev
                0x00000ad8        0xe src/libraries/LiquidCrystal/src/I2CIO.o
                0x00000ad8                _ZN5I2CIOC2Ev
                0x00000ad8                _ZN5I2CIOC1Ev
 .text._ZN5I2CIO8portModeEh
                0x00000ae6       0x16 src/libraries/LiquidCrystal/src/I2CIO.o
                0x00000ae6                _ZN5I2CIO8portModeEh
 .text._ZN5I2CIO11isAvailableEh
                0x00000afc       0x1a src/libraries/LiquidCrystal/src/I2CIO.o
                0x00000afc                _ZN5I2CIO11isAvailableEh
 .text._ZN5I2CIO5beginEh
                0x00000b16       0x32 src/libraries/LiquidCrystal/src/I2CIO.o
                0x00000b16                _ZN5I2CIO5beginEh
 .text._ZN5I2CIO5writeEh
                0x00000b48       0x4e src/libraries/LiquidCrystal/src/I2CIO.o
                0x00000b48                _ZN5I2CIO5writeEh
 .text._ZN3LCD15setBacklightPinEh13t_backlighPol
                0x00000b96        0x2 src/libraries/LiquidCrystal/src/LCD.o
                0x00000b96                _ZN3LCD15setBacklightPinEh13t_backlighPol
 .text._ZN3LCD12setBacklightEh
                0x00000b98        0x2 src/libraries/LiquidCrystal/src/LCD.o
                0x00000b98                _ZN3LCD12setBacklightEh
 .text._ZN3LCD5writeEh
                0x00000b9a       0x16 src/libraries/LiquidCrystal/src/LCD.o
                0x00000b9a                _ZN3LCD5writeEh
 .text._ZN3LCDC2Ev
                0x00000bb0       0x10 src/libraries/LiquidCrystal/src/LCD.o
                0x00000bb0                _ZN3LCDC1Ev
                0x00000bb0                _ZN3LCDC2Ev
 .text._ZN3LCD9backlightEv
                0x00000bc0       0x10 src/libraries/LiquidCrystal/src/LCD.o
                0x00000bc0                _ZN3LCD9backlightEv
 .text._ZN3LCD7commandEh
                0x00000bd0       0x10 src/libraries/LiquidCrystal/src/LCD.o
                0x00000bd0                _ZN3LCD7commandEh
 .text._ZN3LCD5clearEv
                0x00000be0        0xe src/libraries/LiquidCrystal/src/LCD.o
                0x00000be0                _ZN3LCD5clearEv
 .text._ZN3LCD7displayEv
                0x00000bee       0x10 src/libraries/LiquidCrystal/src/LCD.o
                0x00000bee                _ZN3LCD7displayEv
 .text._ZN3LCD5beginEhhh
                0x00000bfe      0x102 src/libraries/LiquidCrystal/src/LCD.o
                0x00000bfe                _ZN3LCD5beginEhhh
 .text._ZN17LiquidCrystal_I2C15setBacklightPinEh13t_backlighPol
                0x00000d00       0x26 src/libraries/LiquidCrystal/src/LiquidCrystal_I2C.o
                0x00000d00                _ZN17LiquidCrystal_I2C15setBacklightPinEh13t_backlighPol
 .text._ZN17LiquidCrystal_I2C12setBacklightEh
                0x00000d26       0x2e src/libraries/LiquidCrystal/src/LiquidCrystal_I2C.o
                0x00000d26                _ZN17LiquidCrystal_I2C12setBacklightEh
 .text._ZN17LiquidCrystal_I2C4initEv
                0x00000d54       0x44 src/libraries/LiquidCrystal/src/LiquidCrystal_I2C.o
                0x00000d54                _ZN17LiquidCrystal_I2C4initEv
 .text._ZN17LiquidCrystal_I2C6configEhhhhhhhh
                0x00000d98       0x80 src/libraries/LiquidCrystal/src/LiquidCrystal_I2C.o
                0x00000d98                _ZN17LiquidCrystal_I2C6configEhhhhhhhh
 .text._ZN17LiquidCrystal_I2CC2Ehhhhhhhhh13t_backlighPol
                0x00000e18       0x72 src/libraries/LiquidCrystal/src/LiquidCrystal_I2C.o
                0x00000e18                _ZN17LiquidCrystal_I2CC1Ehhhhhhhhh13t_backlighPol
                0x00000e18                _ZN17LiquidCrystal_I2CC2Ehhhhhhhhh13t_backlighPol
 .text._ZN17LiquidCrystal_I2C11pulseEnableEh
                0x00000e8a       0x36 src/libraries/LiquidCrystal/src/LiquidCrystal_I2C.o
                0x00000e8a                _ZN17LiquidCrystal_I2C11pulseEnableEh
 .text._ZN17LiquidCrystal_I2C10write4bitsEhh
                0x00000ec0       0x30 src/libraries/LiquidCrystal/src/LiquidCrystal_I2C.o
                0x00000ec0                _ZN17LiquidCrystal_I2C10write4bitsEhh
 .text._ZN17LiquidCrystal_I2C4sendEhh
                0x00000ef0       0x42 src/libraries/LiquidCrystal/src/LiquidCrystal_I2C.o
                0x00000ef0                _ZN17LiquidCrystal_I2C4sendEhh
 .text._ZN17LiquidCrystal_I2C5beginEhhh
                0x00000f32       0x36 src/libraries/LiquidCrystal/src/LiquidCrystal_I2C.o
                0x00000f32                _ZN17LiquidCrystal_I2C5beginEhhh
 .text._ZN5SDLib4File5writeEh
                0x00000f68       0x2c src/libraries/SD/src/File.o
                0x00000f68                _ZN5SDLib4File5writeEh
 .text._ZN5SDLib4File5writeEPKhj
                0x00000f94       0x38 src/libraries/SD/src/File.o
                0x00000f94                _ZN5SDLib4File5writeEPKhj
 .text._ZN5SDLib4File5flushEv
                0x00000fcc       0x10 src/libraries/SD/src/File.o
                0x00000fcc                _ZN5SDLib4File5flushEv
 .text._ZN6SdFile4readEv
                0x00000fdc       0x2e src/libraries/SD/src/File.o
                0x00000fdc                _ZN6SdFile4readEv
 .text._ZN5SDLib4File4readEv
                0x0000100a       0x14 src/libraries/SD/src/File.o
                0x0000100a                _ZN5SDLib4File4readEv
 .text._ZN5SDLib4File4peekEv
                0x0000101e       0x54 src/libraries/SD/src/File.o
                0x0000101e                _ZN5SDLib4File4peekEv
 .text._ZN5SDLib4FileC2E6SdFilePKc
                0x00001072       0x6a src/libraries/SD/src/File.o
                0x00001072                _ZN5SDLib4FileC1E6SdFilePKc
                0x00001072                _ZN5SDLib4FileC2E6SdFilePKc
 .text._ZN5SDLib4FileC2Ev
                0x000010dc       0x26 src/libraries/SD/src/File.o
                0x000010dc                _ZN5SDLib4FileC2Ev
                0x000010dc                _ZN5SDLib4FileC1Ev
 .text._ZN5SDLib4File8positionEv
                0x00001102       0x20 src/libraries/SD/src/File.o
                0x00001102                _ZN5SDLib4File8positionEv
 .text._ZN5SDLib4File4sizeEv
                0x00001122       0x20 src/libraries/SD/src/File.o
                0x00001122                _ZN5SDLib4File4sizeEv
 .text._ZN5SDLib4File9availableEv
                0x00001142       0x5e src/libraries/SD/src/File.o
                0x00001142                _ZN5SDLib4File9availableEv
 .text._ZN5SDLib4File5closeEv
                0x000011a0       0x24 src/libraries/SD/src/File.o
                0x000011a0                _ZN5SDLib4File5closeEv
 .text._ZN5SDLib4FilecvbEv
                0x000011c4       0x1a src/libraries/SD/src/File.o
                0x000011c4                _ZN5SDLib4FilecvbEv
 .text._ZN5SDLib19callback_pathExistsER6SdFilePKcbPv
                0x000011de       0x5a src/libraries/SD/src/SD.o
                0x000011de                _ZN5SDLib19callback_pathExistsER6SdFilePKcbPv
 .text._ZN5SDLib20getNextPathComponentEPKcPjPc
                0x00001238       0x80 src/libraries/SD/src/SD.o
                0x00001238                _ZN5SDLib20getNextPathComponentEPKcPjPc
 .text._ZN5SDLib8walkPathEPKcR6SdFilePFbS3_S1_bPvES4_
                0x000012b8      0x120 src/libraries/SD/src/SD.o
                0x000012b8                _ZN5SDLib8walkPathEPKcR6SdFilePFbS3_S1_bPvES4_
 .text._ZN5SDLib7SDClass5beginEh
                0x000013d8       0x5a src/libraries/SD/src/SD.o
                0x000013d8                _ZN5SDLib7SDClass5beginEh
 .text._ZN6SdFileC2ERKS_
                0x00001432       0xa2 src/libraries/SD/src/SD.o
                0x00001432                _ZN6SdFileC1ERKS_
                0x00001432                _ZN6SdFileC2ERKS_
 .text._ZN5SDLib7SDClass12getParentDirEPKcPi
                0x000014d4      0x12a src/libraries/SD/src/SD.o
                0x000014d4                _ZN5SDLib7SDClass12getParentDirEPKcPi
 .text._ZN5SDLib7SDClass4openEPKch
                0x000015fe      0x114 src/libraries/SD/src/SD.o
                0x000015fe                _ZN5SDLib7SDClass4openEPKch
 .text._ZN5SDLib7SDClass6existsEPKc
                0x00001712       0x16 src/libraries/SD/src/SD.o
                0x00001712                _ZN5SDLib7SDClass6existsEPKc
 .text.startup._GLOBAL__sub_I__ZN5SDLib20getNextPathComponentEPKcPjPc
                0x00001728       0x2e src/libraries/SD/src/SD.o
 .text._ZN8SPIClass16beginTransactionE11SPISettings
                0x00001756       0x34 src/libraries/SD/src/utility/Sd2Card.o
                0x00001756                _ZN8SPIClass16beginTransactionE11SPISettings
 .text._ZN8SPIClass8transferEh
                0x0000178a        0xe src/libraries/SD/src/utility/Sd2Card.o
                0x0000178a                _ZN8SPIClass8transferEh
 .text._ZL6spiRecv
                0x00001798        0x6 src/libraries/SD/src/utility/Sd2Card.o
 .text._ZN8SPIClass14endTransactionEv
                0x0000179e       0x22 src/libraries/SD/src/utility/Sd2Card.o
                0x0000179e                _ZN8SPIClass14endTransactionEv
 .text._ZN7Sd2Card14chipSelectHighEv
                0x000017c0       0x1c src/libraries/SD/src/utility/Sd2Card.o
                0x000017c0                _ZN7Sd2Card14chipSelectHighEv
 .text._ZN7Sd2Card13chipSelectLowEv
                0x000017dc       0x2c src/libraries/SD/src/utility/Sd2Card.o
                0x000017dc                _ZN7Sd2Card13chipSelectLowEv
 .text._ZN7Sd2Card7readEndEv
                0x00001808       0x34 src/libraries/SD/src/utility/Sd2Card.o
                0x00001808                _ZN7Sd2Card7readEndEv
 .text._ZN7Sd2Card10setSckRateEh
                0x0000183c       0x56 src/libraries/SD/src/utility/Sd2Card.o
                0x0000183c                _ZN7Sd2Card10setSckRateEh
 .text._ZN7Sd2Card11waitNotBusyEj
                0x00001892       0x36 src/libraries/SD/src/utility/Sd2Card.o
                0x00001892                _ZN7Sd2Card11waitNotBusyEj
 .text._ZN7Sd2Card11cardCommandEhm
                0x000018c8       0xc4 src/libraries/SD/src/utility/Sd2Card.o
                0x000018c8                _ZN7Sd2Card11cardCommandEhm
 .text._ZN7Sd2Card4initEhh
                0x0000198c      0x18a src/libraries/SD/src/utility/Sd2Card.o
                0x0000198c                _ZN7Sd2Card4initEhh
 .text._ZN7Sd2Card14waitStartBlockEv
                0x00001b16       0x4a src/libraries/SD/src/utility/Sd2Card.o
                0x00001b16                _ZN7Sd2Card14waitStartBlockEv
 .text._ZN7Sd2Card8readDataEmjjPh.part.6
                0x00001b60       0xf8 src/libraries/SD/src/utility/Sd2Card.o
 .text._ZN7Sd2Card8readDataEmjjPh
                0x00001c58       0x20 src/libraries/SD/src/utility/Sd2Card.o
                0x00001c58                _ZN7Sd2Card8readDataEmjjPh
 .text._ZN7Sd2Card9readBlockEmPh
                0x00001c78       0x20 src/libraries/SD/src/utility/Sd2Card.o
                0x00001c78                _ZN7Sd2Card9readBlockEmPh
 .text._ZN7Sd2Card9writeDataEhPKh
                0x00001c98       0x82 src/libraries/SD/src/utility/Sd2Card.o
                0x00001c98                _ZN7Sd2Card9writeDataEhPKh
 .text._ZN7Sd2Card10writeBlockEmPKh
                0x00001d1a       0x9c src/libraries/SD/src/utility/Sd2Card.o
                0x00001d1a                _ZN7Sd2Card10writeBlockEmPKh
 .text.startup._GLOBAL__sub_I__ZN7Sd2Card11cardCommandEhm
                0x00001db6        0xc src/libraries/SD/src/utility/Sd2Card.o
 .text._ZN6SdFile10addClusterEv
                0x00001dc2       0x4e src/libraries/SD/src/utility/SdFile.o
                0x00001dc2                _ZN6SdFile10addClusterEv
 .text._ZN6SdFile13addDirClusterEv
                0x00001e10       0xc0 src/libraries/SD/src/utility/SdFile.o
                0x00001e10                _ZN6SdFile13addDirClusterEv
 .text._ZN6SdFile13cacheDirEntryEh
                0x00001ed0       0x32 src/libraries/SD/src/utility/SdFile.o
                0x00001ed0                _ZN6SdFile13cacheDirEntryEh
 .text._ZN6SdFile10make83NameEPKcPh
                0x00001f02       0x72 src/libraries/SD/src/utility/SdFile.o
                0x00001f02                _ZN6SdFile10make83NameEPKcPh
 .text._ZN6SdFile8openRootEP8SdVolume
                0x00001f74       0xa2 src/libraries/SD/src/utility/SdFile.o
                0x00001f74                _ZN6SdFile8openRootEP8SdVolume
 .text._ZN6SdFile4readEPvj
                0x00002016      0x20a src/libraries/SD/src/utility/SdFile.o
                0x00002016                _ZN6SdFile4readEPvj
 .text._ZN6SdFile12readDirCacheEv
                0x00002220       0x92 src/libraries/SD/src/utility/SdFile.o
                0x00002220                _ZN6SdFile12readDirCacheEv
 .text._ZN6SdFile7seekSetEm
                0x000022b2      0x12c src/libraries/SD/src/utility/SdFile.o
                0x000022b2                _ZN6SdFile7seekSetEm
 .text._ZN6SdFile4syncEv
                0x000023de       0x8e src/libraries/SD/src/utility/SdFile.o
                0x000023de                _ZN6SdFile4syncEv
 .text._ZN6SdFile5closeEv
                0x0000246c       0x18 src/libraries/SD/src/utility/SdFile.o
                0x0000246c                _ZN6SdFile5closeEv
 .text._ZN6SdFile8truncateEm
                0x00002484      0x168 src/libraries/SD/src/utility/SdFile.o
                0x00002484                _ZN6SdFile8truncateEm
 .text._ZN6SdFile15openCachedEntryEhh
                0x000025ec       0xe8 src/libraries/SD/src/utility/SdFile.o
                0x000025ec                _ZN6SdFile15openCachedEntryEhh
 .text._ZN6SdFile4openEPS_PKch
                0x000026d4      0x1dc src/libraries/SD/src/utility/SdFile.o
                0x000026d4                _ZN6SdFile4openEPS_PKch
 .text._ZN6SdFile5writeEPKvj
                0x000028b0      0x342 src/libraries/SD/src/utility/SdFile.o
                0x000028b0                _ZN6SdFile5writeEPKvj
 .text._ZN6SdFile5writeEh
                0x00002bf2       0x22 src/libraries/SD/src/utility/SdFile.o
                0x00002bf2                _ZN6SdFile5writeEh
 .text._ZN8SdVolume10cacheFlushEv
                0x00002c14       0x76 src/libraries/SD/src/utility/SdVolume.o
                0x00002c14                _ZN8SdVolume10cacheFlushEv
 .text._ZN8SdVolume13cacheRawBlockEmh
                0x00002c8a       0x76 src/libraries/SD/src/utility/SdVolume.o
                0x00002c8a                _ZN8SdVolume13cacheRawBlockEmh
 .text._ZN8SdVolume14cacheZeroBlockEm
                0x00002d00       0x48 src/libraries/SD/src/utility/SdVolume.o
                0x00002d00                _ZN8SdVolume14cacheZeroBlockEm
 .text._ZNK8SdVolume6fatGetEmPm
                0x00002d48      0x108 src/libraries/SD/src/utility/SdVolume.o
                0x00002d48                _ZNK8SdVolume6fatGetEmPm
 .text._ZNK8SdVolume9chainSizeEmPm
                0x00002e50       0xd2 src/libraries/SD/src/utility/SdVolume.o
                0x00002e50                _ZNK8SdVolume9chainSizeEmPm
 .text._ZN8SdVolume6fatPutEmm
                0x00002f22      0x140 src/libraries/SD/src/utility/SdVolume.o
                0x00002f22                _ZN8SdVolume6fatPutEmm
 .text._ZN8SdVolume15allocContiguousEmPm
                0x00003062      0x22a src/libraries/SD/src/utility/SdVolume.o
                0x00003062                _ZN8SdVolume15allocContiguousEmPm
 .text._ZN8SdVolume9freeChainEm
                0x0000328c       0xac src/libraries/SD/src/utility/SdVolume.o
                0x0000328c                _ZN8SdVolume9freeChainEm
 .text._ZN8SdVolume4initEP7Sd2Cardh
                0x00003338      0x22e src/libraries/SD/src/utility/SdVolume.o
                0x00003338                _ZN8SdVolume4initEP7Sd2Cardh
 .text._ZN8SPIClass5beginEv
                0x00003566       0x6c src/libraries/SPI/src/SPI.o
                0x00003566                _ZN8SPIClass5beginEv
 .text.__vector_13
                0x000035d2       0x4e src/libraries/TimerOne/TimerOne.o
                0x000035d2                __vector_13
 .text.twi_init
                0x00003620       0x3c src/libraries/Wire/src/utility/twi.o
                0x00003620                twi_init
 .text.twi_writeTo
                0x0000365c       0xac src/libraries/Wire/src/utility/twi.o
                0x0000365c                twi_writeTo
 .text.twi_transmit
                0x00003708       0x32 src/libraries/Wire/src/utility/twi.o
                0x00003708                twi_transmit
 .text.twi_stop
                0x0000373a       0x14 src/libraries/Wire/src/utility/twi.o
                0x0000373a                twi_stop
 .text.twi_releaseBus
                0x0000374e        0xc src/libraries/Wire/src/utility/twi.o
                0x0000374e                twi_releaseBus
 .text.__vector_24
                0x0000375a      0x25a src/libraries/Wire/src/utility/twi.o
                0x0000375a                __vector_24
 .text._ZN7TwoWire9availableEv
                0x000039b4       0x10 src/libraries/Wire/src/Wire.o
                0x000039b4                _ZN7TwoWire9availableEv
 .text._ZN7TwoWire4readEv
                0x000039c4       0x28 src/libraries/Wire/src/Wire.o
                0x000039c4                _ZN7TwoWire4readEv
 .text._ZN7TwoWire4peekEv
                0x000039ec       0x1e src/libraries/Wire/src/Wire.o
                0x000039ec                _ZN7TwoWire4peekEv
 .text._ZN7TwoWire5flushEv
                0x00003a0a        0x2 src/libraries/Wire/src/Wire.o
                0x00003a0a                _ZN7TwoWire5flushEv
 .text._ZN7TwoWire5writeEPKhj
                0x00003a0c       0x60 src/libraries/Wire/src/Wire.o
                0x00003a0c                _ZN7TwoWire5writeEPKhj
 .text._ZN7TwoWire5writeEh
                0x00003a6c       0x5e src/libraries/Wire/src/Wire.o
                0x00003a6c                _ZN7TwoWire5writeEh
 .text._ZN7TwoWireC2Ev
                0x00003aca       0x20 src/libraries/Wire/src/Wire.o
                0x00003aca                _ZN7TwoWireC1Ev
                0x00003aca                _ZN7TwoWireC2Ev
 .text._ZN7TwoWire5beginEv
                0x00003aea       0x14 src/libraries/Wire/src/Wire.o
                0x00003aea                _ZN7TwoWire5beginEv
 .text._ZN7TwoWire17beginTransmissionEh
                0x00003afe       0x14 src/libraries/Wire/src/Wire.o
                0x00003afe                _ZN7TwoWire17beginTransmissionEh
 .text._ZN7TwoWire15endTransmissionEh
                0x00003b12       0x26 src/libraries/Wire/src/Wire.o
                0x00003b12                _ZN7TwoWire15endTransmissionEh
 .text._ZN7TwoWire15endTransmissionEv
                0x00003b38        0x6 src/libraries/Wire/src/Wire.o
                0x00003b38                _ZN7TwoWire15endTransmissionEv
 .text.startup._GLOBAL__sub_I__ZN7TwoWire8rxBufferE
                0x00003b3e        0x8 src/libraries/Wire/src/Wire.o
 .text.avr-libc.fplib
                0x00003b46        0x8 c:/program files (x86)/atmel/studio/7.0/toolchain/avr8/avr8-gnu-toolchain/bin/../lib/gcc/avr/4.9.2/../../../../avr/lib/avr5\libm.a(divsf3.o)
                0x00003b46                __divsf3
 .text.avr-libc.fplib
                0x00003b4e       0xdc c:/program files (x86)/atmel/studio/7.0/toolchain/avr8/avr8-gnu-toolchain/bin/../lib/gcc/avr/4.9.2/../../../../avr/lib/avr5\libm.a(divsf3x.o)
                0x00003b6e                __divsf3x
                0x00003b74                __divsf3_pse
 .text.avr-libc.fplib
                0x00003c2a       0x5e c:/program files (x86)/atmel/studio/7.0/toolchain/avr8/avr8-gnu-toolchain/bin/../lib/gcc/avr/4.9.2/../../../../avr/lib/avr5\libm.a(fixunssfsi.o)
                0x00003c2a                __fixunssfsi
 .text.avr-libc.fplib
                0x00003c88       0x7a c:/program files (x86)/atmel/studio/7.0/toolchain/avr8/avr8-gnu-toolchain/bin/../lib/gcc/avr/4.9.2/../../../../avr/lib/avr5\libm.a(floatsisf.o)
                0x00003c88                __floatunsisf
                0x00003c8c                __floatsisf
 .text.avr-libc.fplib
                0x00003d02        0xc c:/program files (x86)/atmel/studio/7.0/toolchain/avr8/avr8-gnu-toolchain/bin/../lib/gcc/avr/4.9.2/../../../../avr/lib/avr5\libm.a(fp_inf.o)
                0x00003d02                __fp_inf
 .text.avr-libc.fplib
                0x00003d0e        0x6 c:/program files (x86)/atmel/studio/7.0/toolchain/avr8/avr8-gnu-toolchain/bin/../lib/gcc/avr/4.9.2/../../../../avr/lib/avr5\libm.a(fp_nan.o)
                0x00003d0e                __fp_nan
 .text.avr-libc.fplib
                0x00003d14        0xe c:/program files (x86)/atmel/studio/7.0/toolchain/avr8/avr8-gnu-toolchain/bin/../lib/gcc/avr/4.9.2/../../../../avr/lib/avr5\libm.a(fp_pscA.o)
                0x00003d14                __fp_pscA
 .text.avr-libc.fplib
                0x00003d22        0xe c:/program files (x86)/atmel/studio/7.0/toolchain/avr8/avr8-gnu-toolchain/bin/../lib/gcc/avr/4.9.2/../../../../avr/lib/avr5\libm.a(fp_pscB.o)
                0x00003d22                __fp_pscB
 .text.avr-libc.fplib
                0x00003d30       0x22 c:/program files (x86)/atmel/studio/7.0/toolchain/avr8/avr8-gnu-toolchain/bin/../lib/gcc/avr/4.9.2/../../../../avr/lib/avr5\libm.a(fp_round.o)
                0x00003d30                __fp_round
 .text.avr-libc.fplib
                0x00003d52       0x44 c:/program files (x86)/atmel/studio/7.0/toolchain/avr8/avr8-gnu-toolchain/bin/../lib/gcc/avr/4.9.2/../../../../avr/lib/avr5\libm.a(fp_split3.o)
                0x00003d52                __fp_split3
                0x00003d62                __fp_splitA
 .text.avr-libc.fplib
                0x00003d96        0xe c:/program files (x86)/atmel/studio/7.0/toolchain/avr8/avr8-gnu-toolchain/bin/../lib/gcc/avr/4.9.2/../../../../avr/lib/avr5\libm.a(fp_zero.o)
                0x00003d96                __fp_zero
                0x00003d98                __fp_szero
 .text.avr-libc.fplib
                0x00003da4        0x8 c:/program files (x86)/atmel/studio/7.0/toolchain/avr8/avr8-gnu-toolchain/bin/../lib/gcc/avr/4.9.2/../../../../avr/lib/avr5\libm.a(mulsf3.o)
                0x00003da4                __mulsf3
 .text.avr-libc.fplib
                0x00003dac       0xd2 c:/program files (x86)/atmel/studio/7.0/toolchain/avr8/avr8-gnu-toolchain/bin/../lib/gcc/avr/4.9.2/../../../../avr/lib/avr5\libm.a(mulsf3x.o)
                0x00003dca                __mulsf3x
                0x00003dd0                __mulsf3_pse
 .text.__cxa_pure_virtual
                0x00003e7e        0x4 C:\Users\Mike\Google Drive\Projects\metronome\source_code\Metronome\Metronome\ArduinoCore\Release\libArduinoCore.a(abi.o)
                0x00003e7e                __cxa_pure_virtual
 .text._ZN14HardwareSerial9availableEv
                0x00003e82       0x18 C:\Users\Mike\Google Drive\Projects\metronome\source_code\Metronome\Metronome\ArduinoCore\Release\libArduinoCore.a(HardwareSerial.o)
                0x00003e82                _ZN14HardwareSerial9availableEv
 .text._ZN14HardwareSerial4peekEv
                0x00003e9a       0x1c C:\Users\Mike\Google Drive\Projects\metronome\source_code\Metronome\Metronome\ArduinoCore\Release\libArduinoCore.a(HardwareSerial.o)
                0x00003e9a                _ZN14HardwareSerial4peekEv
 .text._ZN14HardwareSerial4readEv
                0x00003eb6       0x28 C:\Users\Mike\Google Drive\Projects\metronome\source_code\Metronome\Metronome\ArduinoCore\Release\libArduinoCore.a(HardwareSerial.o)
                0x00003eb6                _ZN14HardwareSerial4readEv
 .text._Z14serialEventRunv
                0x00003ede       0x1c C:\Users\Mike\Google Drive\Projects\metronome\source_code\Metronome\Metronome\ArduinoCore\Release\libArduinoCore.a(HardwareSerial.o)
                0x00003ede                _Z14serialEventRunv
 .text._ZN14HardwareSerial17_tx_udr_empty_irqEv
                0x00003efa       0x42 C:\Users\Mike\Google Drive\Projects\metronome\source_code\Metronome\Metronome\ArduinoCore\Release\libArduinoCore.a(HardwareSerial.o)
                0x00003efa                _ZN14HardwareSerial17_tx_udr_empty_irqEv
 .text._ZN14HardwareSerial5flushEv
                0x00003f3c       0x44 C:\Users\Mike\Google Drive\Projects\metronome\source_code\Metronome\Metronome\ArduinoCore\Release\libArduinoCore.a(HardwareSerial.o)
                0x00003f3c                _ZN14HardwareSerial5flushEv
 .text._ZN14HardwareSerial5writeEh
                0x00003f80       0x8e C:\Users\Mike\Google Drive\Projects\metronome\source_code\Metronome\Metronome\ArduinoCore\Release\libArduinoCore.a(HardwareSerial.o)
                0x00003f80                _ZN14HardwareSerial5writeEh
 .text._ZN14HardwareSerial5beginEmh
                0x0000400e       0xca C:\Users\Mike\Google Drive\Projects\metronome\source_code\Metronome\Metronome\ArduinoCore\Release\libArduinoCore.a(HardwareSerial.o)
                0x0000400e                _ZN14HardwareSerial5beginEmh
 .text.__vector_18
                0x000040d8       0x64 C:\Users\Mike\Google Drive\Projects\metronome\source_code\Metronome\Metronome\ArduinoCore\Release\libArduinoCore.a(HardwareSerial0.o)
                0x000040d8                __vector_18
 .text.__vector_19
                0x0000413c       0x4c C:\Users\Mike\Google Drive\Projects\metronome\source_code\Metronome\Metronome\ArduinoCore\Release\libArduinoCore.a(HardwareSerial0.o)
                0x0000413c                __vector_19
 .text._Z17Serial0_availablev
                0x00004188       0x14 C:\Users\Mike\Google Drive\Projects\metronome\source_code\Metronome\Metronome\ArduinoCore\Release\libArduinoCore.a(HardwareSerial0.o)
                0x00004188                _Z17Serial0_availablev
 .text.startup._GLOBAL__sub_I___vector_18
                0x0000419c       0x5a C:\Users\Mike\Google Drive\Projects\metronome\source_code\Metronome\Metronome\ArduinoCore\Release\libArduinoCore.a(HardwareSerial0.o)
 .text.initVariant
                0x000041f6        0x2 C:\Users\Mike\Google Drive\Projects\metronome\source_code\Metronome\Metronome\ArduinoCore\Release\libArduinoCore.a(main.o)
                0x000041f6                initVariant
 .text.startup.main
                0x000041f8       0x1e C:\Users\Mike\Google Drive\Projects\metronome\source_code\Metronome\Metronome\ArduinoCore\Release\libArduinoCore.a(main.o)
                0x000041f8                main
 .text._ZN5Print5writeEPKhj
                0x00004216       0x56 C:\Users\Mike\Google Drive\Projects\metronome\source_code\Metronome\Metronome\ArduinoCore\Release\libArduinoCore.a(Print.o)
                0x00004216                _ZN5Print5writeEPKhj
 .text._ZN5Print5writeEPKc
                0x0000426c       0x2a C:\Users\Mike\Google Drive\Projects\metronome\source_code\Metronome\Metronome\ArduinoCore\Release\libArduinoCore.a(Print.o)
                0x0000426c                _ZN5Print5writeEPKc
 .text._ZN5Print5printEPKc
                0x00004296        0x4 C:\Users\Mike\Google Drive\Projects\metronome\source_code\Metronome\Metronome\ArduinoCore\Release\libArduinoCore.a(Print.o)
                0x00004296                _ZN5Print5printEPKc
 .text._ZN5Print5printEc
                0x0000429a        0xe C:\Users\Mike\Google Drive\Projects\metronome\source_code\Metronome\Metronome\ArduinoCore\Release\libArduinoCore.a(Print.o)
                0x0000429a                _ZN5Print5printEc
 .text._ZN5Print7printlnEv
                0x000042a8        0x8 C:\Users\Mike\Google Drive\Projects\metronome\source_code\Metronome\Metronome\ArduinoCore\Release\libArduinoCore.a(Print.o)
                0x000042a8                _ZN5Print7printlnEv
 .text._ZN5Print7printlnEPKc
                0x000042b0       0x24 C:\Users\Mike\Google Drive\Projects\metronome\source_code\Metronome\Metronome\ArduinoCore\Release\libArduinoCore.a(Print.o)
                0x000042b0                _ZN5Print7printlnEPKc
 .text._ZN5Print11printNumberEmh
                0x000042d4       0xa8 C:\Users\Mike\Google Drive\Projects\metronome\source_code\Metronome\Metronome\ArduinoCore\Release\libArduinoCore.a(Print.o)
                0x000042d4                _ZN5Print11printNumberEmh
 .text._ZN5Print5printEli
                0x0000437c       0x94 C:\Users\Mike\Google Drive\Projects\metronome\source_code\Metronome\Metronome\ArduinoCore\Release\libArduinoCore.a(Print.o)
                0x0000437c                _ZN5Print5printEli
 .text._ZN5Print7printlnEli
                0x00004410       0x24 C:\Users\Mike\Google Drive\Projects\metronome\source_code\Metronome\Metronome\ArduinoCore\Release\libArduinoCore.a(Print.o)
                0x00004410                _ZN5Print7printlnEli
 .text._ZN5Print5printEmi
                0x00004434       0x1a C:\Users\Mike\Google Drive\Projects\metronome\source_code\Metronome\Metronome\ArduinoCore\Release\libArduinoCore.a(Print.o)
                0x00004434                _ZN5Print5printEmi
 .text._ZN5Print7printlnEhi
                0x0000444e       0x2e C:\Users\Mike\Google Drive\Projects\metronome\source_code\Metronome\Metronome\ArduinoCore\Release\libArduinoCore.a(Print.o)
                0x0000444e                _ZN5Print7printlnEhi
 .text._ZN5Print7printlnEmi
                0x0000447c       0x24 C:\Users\Mike\Google Drive\Projects\metronome\source_code\Metronome\Metronome\ArduinoCore\Release\libArduinoCore.a(Print.o)
                0x0000447c                _ZN5Print7printlnEmi
 .text.__vector_16
                0x000044a0       0x94 C:\Users\Mike\Google Drive\Projects\metronome\source_code\Metronome\Metronome\ArduinoCore\Release\libArduinoCore.a(wiring.o)
                0x000044a0                __vector_16
 .text.millis   0x00004534       0x18 C:\Users\Mike\Google Drive\Projects\metronome\source_code\Metronome\Metronome\ArduinoCore\Release\libArduinoCore.a(wiring.o)
                0x00004534                millis
 .text.micros   0x0000454c       0x4a C:\Users\Mike\Google Drive\Projects\metronome\source_code\Metronome\Metronome\ArduinoCore\Release\libArduinoCore.a(wiring.o)
                0x0000454c                micros
 .text.delay    0x00004596       0x78 C:\Users\Mike\Google Drive\Projects\metronome\source_code\Metronome\Metronome\ArduinoCore\Release\libArduinoCore.a(wiring.o)
                0x00004596                delay
 .text.delayMicroseconds
                0x0000460e       0x16 C:\Users\Mike\Google Drive\Projects\metronome\source_code\Metronome\Metronome\ArduinoCore\Release\libArduinoCore.a(wiring.o)
                0x0000460e                delayMicroseconds
 .text.init     0x00004624       0x76 C:\Users\Mike\Google Drive\Projects\metronome\source_code\Metronome\Metronome\ArduinoCore\Release\libArduinoCore.a(wiring.o)
                0x00004624                init
 .text.turnOffPWM
                0x0000469a       0x52 C:\Users\Mike\Google Drive\Projects\metronome\source_code\Metronome\Metronome\ArduinoCore\Release\libArduinoCore.a(wiring_digital.o)
 .text.pinMode  0x000046ec       0x78 C:\Users\Mike\Google Drive\Projects\metronome\source_code\Metronome\Metronome\ArduinoCore\Release\libArduinoCore.a(wiring_digital.o)
                0x000046ec                pinMode
 .text.digitalWrite
                0x00004764       0x60 C:\Users\Mike\Google Drive\Projects\metronome\source_code\Metronome\Metronome\ArduinoCore\Release\libArduinoCore.a(wiring_digital.o)
                0x00004764                digitalWrite
 .text.digitalRead
                0x000047c4       0x52 C:\Users\Mike\Google Drive\Projects\metronome\source_code\Metronome\Metronome\ArduinoCore\Release\libArduinoCore.a(wiring_digital.o)
                0x000047c4                digitalRead
 .text.__empty  0x00004816        0x2 C:\Users\Mike\Google Drive\Projects\metronome\source_code\Metronome\Metronome\ArduinoCore\Release\libArduinoCore.a(hooks.o)
                0x00004816                yield
 .text.libgcc.div
                0x00004818       0x44 c:/program files (x86)/atmel/studio/7.0/toolchain/avr8/avr8-gnu-toolchain/bin/../lib/gcc/avr/4.9.2/avr5\libgcc.a(_udivmodsi4.o)
                0x00004818                __udivmodsi4
 .text.libgcc.mul
                0x0000485c       0x16 c:/program files (x86)/atmel/studio/7.0/toolchain/avr8/avr8-gnu-toolchain/bin/../lib/gcc/avr/4.9.2/avr5\libgcc.a(_muluhisi3.o)
                0x0000485c                __muluhisi3
 .text.libgcc   0x00004872        0xc c:/program files (x86)/atmel/studio/7.0/toolchain/avr8/avr8-gnu-toolchain/bin/../lib/gcc/avr/4.9.2/avr5\libgcc.a(_tablejump2.o)
                0x00004872                __tablejump2__
 .text.libgcc.mul
                0x0000487e       0x1e c:/program files (x86)/atmel/studio/7.0/toolchain/avr8/avr8-gnu-toolchain/bin/../lib/gcc/avr/4.9.2/avr5\libgcc.a(_umulhisi3.o)
                0x0000487e                __umulhisi3
 .text.avr-libc
                0x0000489c      0x25a c:/program files (x86)/atmel/studio/7.0/toolchain/avr8/avr8-gnu-toolchain/bin/../lib/gcc/avr/4.9.2/../../../../avr/lib/avr5\libc.a(malloc.o)
                0x0000489c                malloc
                0x000049c6                free
 .text.avr-libc
                0x00004af6        0xa c:/program files (x86)/atmel/studio/7.0/toolchain/avr8/avr8-gnu-toolchain/bin/../lib/gcc/avr/4.9.2/../../../../avr/lib/avr5\libc.a(abort.o)
                0x00004af6                abort
 .text.avr-libc
                0x00004b00       0x1a c:/program files (x86)/atmel/studio/7.0/toolchain/avr8/avr8-gnu-toolchain/bin/../lib/gcc/avr/4.9.2/../../../../avr/lib/avr5\libc.a(memcmp.o)
                0x00004b00                memcmp
 .text.avr-libc
                0x00004b1a       0x16 c:/program files (x86)/atmel/studio/7.0/toolchain/avr8/avr8-gnu-toolchain/bin/../lib/gcc/avr/4.9.2/../../../../avr/lib/avr5\libc.a(strchr.o)
                0x00004b1a                strchr
 .text.avr-libc
                0x00004b30       0x1e c:/program files (x86)/atmel/studio/7.0/toolchain/avr8/avr8-gnu-toolchain/bin/../lib/gcc/avr/4.9.2/../../../../avr/lib/avr5\libc.a(strncpy.o)
                0x00004b30                strncpy
                0x00004b4e                . = ALIGN (0x2)
 *(.fini9)
 .fini9         0x00004b4e        0x0 c:/program files (x86)/atmel/studio/7.0/toolchain/avr8/avr8-gnu-toolchain/bin/../lib/gcc/avr/4.9.2/avr5\libgcc.a(_exit.o)
                0x00004b4e                _exit
                0x00004b4e                exit
 *(.fini9)
 *(.fini8)
 *(.fini8)
 *(.fini7)
 *(.fini7)
 *(.fini6)
 *(.fini6)
 *(.fini5)
 *(.fini5)
 *(.fini4)
 *(.fini4)
 *(.fini3)
 *(.fini3)
 *(.fini2)
 *(.fini2)
 *(.fini1)
 *(.fini1)
 *(.fini0)
 .fini0         0x00004b4e        0x4 c:/program files (x86)/atmel/studio/7.0/toolchain/avr8/avr8-gnu-toolchain/bin/../lib/gcc/avr/4.9.2/avr5\libgcc.a(_exit.o)
 *(.fini0)
                0x00004b52                _etext = .

.data           0x00800100      0x100 load address 0x00004b52
                0x00800100                PROVIDE (__data_start, .)
 *(.data)
 .data          0x00800100        0x6 c:/program files (x86)/atmel/studio/7.0/toolchain/avr8/avr8-gnu-toolchain/bin/../lib/gcc/avr/4.9.2/../../../../avr/lib/avr5\libc.a(malloc.o)
                0x00800100                __malloc_heap_end
                0x00800102                __malloc_heap_start
                0x00800104                __malloc_margin
 *(.data*)
 .data.current_bpm
                0x00800106        0x1 Sketch.o
                0x00800106                current_bpm
 .data._ZN8SdVolume17cacheBlockNumber_E
                0x00800107        0x4 src/libraries/SD/src/utility/SdVolume.o
                0x00800107                _ZN8SdVolume17cacheBlockNumber_E
 *(.rodata)
 *(.rodata*)
 .rodata.str1.1
                0x0080010b       0x8c Sketch.o
                                 0xac (size before relaxing)
 .rodata._ZTV3LCD
                0x00800197       0x10 src/libraries/LiquidCrystal/src/LCD.o
                0x00800197                _ZTV3LCD
 .rodata._ZTV17LiquidCrystal_I2C
                0x008001a7       0x10 src/libraries/LiquidCrystal/src/LiquidCrystal_I2C.o
                0x008001a7                _ZTV17LiquidCrystal_I2C
 .rodata._ZTVN5SDLib4FileE
                0x008001b7       0x10 src/libraries/SD/src/File.o
                0x008001b7                _ZTVN5SDLib4FileE
 .rodata.str1.1
                0x008001c7        0x2 src/libraries/SD/src/SD.o
 .rodata._ZTV6SdFile
                0x008001c9        0x8 src/libraries/SD/src/utility/SdFile.o
                0x008001c9                _ZTV6SdFile
 .rodata._ZTV7TwoWire
                0x008001d1       0x10 src/libraries/Wire/src/Wire.o
                0x008001d1                _ZTV7TwoWire
 .rodata._ZTV14HardwareSerial
                0x008001e1       0x10 C:\Users\Mike\Google Drive\Projects\metronome\source_code\Metronome\Metronome\ArduinoCore\Release\libArduinoCore.a(HardwareSerial.o)
                0x008001e1                _ZTV14HardwareSerial
 .rodata.str1.1
                0x008001f1        0xf C:\Users\Mike\Google Drive\Projects\metronome\source_code\Metronome\Metronome\ArduinoCore\Release\libArduinoCore.a(Print.o)
                                 0x11 (size before relaxing)
 *(.gnu.linkonce.d*)
                0x00800200                . = ALIGN (0x2)
                0x00800200                _edata = .
                0x00800200                PROVIDE (__data_end, .)

.bss            0x00800200      0x4fb
                0x00800200                PROVIDE (__bss_start, .)
 *(.bss)
 *(.bss*)
 .bss.lcd       0x00800200       0x18 Sketch.o
                0x00800200                lcd
 .bss.config_data
                0x00800218      0x118 Sketch.o
                0x00800218                config_data
 .bss.config_present
                0x00800330        0x1 Sketch.o
                0x00800330                config_present
 .bss.current_file_line_index
                0x00800331        0x1 Sketch.o
                0x00800331                current_file_line_index
 .bss.start_stop_flag
                0x00800332        0x1 Sketch.o
                0x00800332                start_stop_flag
 .bss._ZN5SDLib2SDE
                0x00800333       0x49 src/libraries/SD/src/SD.o
                0x00800333                _ZN5SDLib2SDE
 .bss._ZL20chip_select_asserted
                0x0080037c        0x1 src/libraries/SD/src/utility/Sd2Card.o
 .bss._ZL8settings
                0x0080037d        0x2 src/libraries/SD/src/utility/Sd2Card.o
 .bss._ZN6SdFile9dateTime_E
                0x0080037f        0x2 src/libraries/SD/src/utility/SdFile.o
                0x0080037f                _ZN6SdFile9dateTime_E
 .bss._ZN8SdVolume17cacheMirrorBlock_E
                0x00800381        0x4 src/libraries/SD/src/utility/SdVolume.o
                0x00800381                _ZN8SdVolume17cacheMirrorBlock_E
 .bss._ZN8SdVolume11cacheDirty_E
                0x00800385        0x1 src/libraries/SD/src/utility/SdVolume.o
                0x00800385                _ZN8SdVolume11cacheDirty_E
 .bss._ZN8SdVolume7sdCard_E
                0x00800386        0x2 src/libraries/SD/src/utility/SdVolume.o
                0x00800386                _ZN8SdVolume7sdCard_E
 .bss._ZN8SdVolume12cacheBuffer_E
                0x00800388      0x200 src/libraries/SD/src/utility/SdVolume.o
                0x00800388                _ZN8SdVolume12cacheBuffer_E
 .bss._ZN8SPIClass13interruptSaveE
                0x00800588        0x1 src/libraries/SPI/src/SPI.o
                0x00800588                _ZN8SPIClass13interruptSaveE
 .bss._ZN8SPIClass13interruptMaskE
                0x00800589        0x1 src/libraries/SPI/src/SPI.o
                0x00800589                _ZN8SPIClass13interruptMaskE
 .bss._ZN8SPIClass13interruptModeE
                0x0080058a        0x1 src/libraries/SPI/src/SPI.o
                0x0080058a                _ZN8SPIClass13interruptModeE
 .bss._ZN8SPIClass11initializedE
                0x0080058b        0x1 src/libraries/SPI/src/SPI.o
                0x0080058b                _ZN8SPIClass11initializedE
 .bss._ZN8TimerOne11isrCallbackE
                0x0080058c        0x2 src/libraries/TimerOne/TimerOne.o
                0x0080058c                _ZN8TimerOne11isrCallbackE
 .bss._ZN8TimerOne15clockSelectBitsE
                0x0080058e        0x1 src/libraries/TimerOne/TimerOne.o
                0x0080058e                _ZN8TimerOne15clockSelectBitsE
 .bss._ZN8TimerOne9pwmPeriodE
                0x0080058f        0x2 src/libraries/TimerOne/TimerOne.o
                0x0080058f                _ZN8TimerOne9pwmPeriodE
 .bss.twi_error
                0x00800591        0x1 src/libraries/Wire/src/utility/twi.o
 .bss.twi_rxBufferIndex
                0x00800592        0x1 src/libraries/Wire/src/utility/twi.o
 .bss.twi_rxBuffer
                0x00800593       0x20 src/libraries/Wire/src/utility/twi.o
 .bss.twi_txBufferLength
                0x008005b3        0x1 src/libraries/Wire/src/utility/twi.o
 .bss.twi_txBufferIndex
                0x008005b4        0x1 src/libraries/Wire/src/utility/twi.o
 .bss.twi_txBuffer
                0x008005b5       0x20 src/libraries/Wire/src/utility/twi.o
 .bss.twi_masterBufferLength
                0x008005d5        0x1 src/libraries/Wire/src/utility/twi.o
 .bss.twi_masterBufferIndex
                0x008005d6        0x1 src/libraries/Wire/src/utility/twi.o
 .bss.twi_masterBuffer
                0x008005d7       0x20 src/libraries/Wire/src/utility/twi.o
 .bss.twi_onSlaveReceive
                0x008005f7        0x2 src/libraries/Wire/src/utility/twi.o
 .bss.twi_onSlaveTransmit
                0x008005f9        0x2 src/libraries/Wire/src/utility/twi.o
 .bss.twi_inRepStart
                0x008005fb        0x1 src/libraries/Wire/src/utility/twi.o
 .bss.twi_sendStop
                0x008005fc        0x1 src/libraries/Wire/src/utility/twi.o
 .bss.twi_slarw
                0x008005fd        0x1 src/libraries/Wire/src/utility/twi.o
 .bss.twi_state
                0x008005fe        0x1 src/libraries/Wire/src/utility/twi.o
 .bss.Wire      0x008005ff        0xc src/libraries/Wire/src/Wire.o
                0x008005ff                Wire
 .bss._ZN7TwoWire12transmittingE
                0x0080060b        0x1 src/libraries/Wire/src/Wire.o
                0x0080060b                _ZN7TwoWire12transmittingE
 .bss._ZN7TwoWire14txBufferLengthE
                0x0080060c        0x1 src/libraries/Wire/src/Wire.o
                0x0080060c                _ZN7TwoWire14txBufferLengthE
 .bss._ZN7TwoWire13txBufferIndexE
                0x0080060d        0x1 src/libraries/Wire/src/Wire.o
                0x0080060d                _ZN7TwoWire13txBufferIndexE
 .bss._ZN7TwoWire8txBufferE
                0x0080060e       0x20 src/libraries/Wire/src/Wire.o
                0x0080060e                _ZN7TwoWire8txBufferE
 .bss._ZN7TwoWire9txAddressE
                0x0080062e        0x1 src/libraries/Wire/src/Wire.o
                0x0080062e                _ZN7TwoWire9txAddressE
 .bss._ZN7TwoWire14rxBufferLengthE
                0x0080062f        0x1 src/libraries/Wire/src/Wire.o
                0x0080062f                _ZN7TwoWire14rxBufferLengthE
 .bss._ZN7TwoWire13rxBufferIndexE
                0x00800630        0x1 src/libraries/Wire/src/Wire.o
                0x00800630                _ZN7TwoWire13rxBufferIndexE
 .bss._ZN7TwoWire8rxBufferE
                0x00800631       0x20 src/libraries/Wire/src/Wire.o
                0x00800631                _ZN7TwoWire8rxBufferE
 .bss.Serial    0x00800651       0x9d C:\Users\Mike\Google Drive\Projects\metronome\source_code\Metronome\Metronome\ArduinoCore\Release\libArduinoCore.a(HardwareSerial0.o)
                0x00800651                Serial
 .bss.timer0_fract
                0x008006ee        0x1 C:\Users\Mike\Google Drive\Projects\metronome\source_code\Metronome\Metronome\ArduinoCore\Release\libArduinoCore.a(wiring.o)
 .bss.timer0_millis
                0x008006ef        0x4 C:\Users\Mike\Google Drive\Projects\metronome\source_code\Metronome\Metronome\ArduinoCore\Release\libArduinoCore.a(wiring.o)
                0x008006ef                timer0_millis
 .bss.timer0_overflow_count
                0x008006f3        0x4 C:\Users\Mike\Google Drive\Projects\metronome\source_code\Metronome\Metronome\ArduinoCore\Release\libArduinoCore.a(wiring.o)
                0x008006f3                timer0_overflow_count
 *(COMMON)
 COMMON         0x008006f7        0x4 c:/program files (x86)/atmel/studio/7.0/toolchain/avr8/avr8-gnu-toolchain/bin/../lib/gcc/avr/4.9.2/../../../../avr/lib/avr5\libc.a(malloc.o)
                0x008006f7                __brkval
                0x008006f9                __flp
                0x008006fb                PROVIDE (__bss_end, .)
                0x00004b52                __data_load_start = LOADADDR (.data)
                0x00004c52                __data_load_end = (__data_load_start + SIZEOF (.data))

.noinit         0x008006fb        0x0
                0x008006fb                PROVIDE (__noinit_start, .)
 *(.noinit*)
                0x008006fb                PROVIDE (__noinit_end, .)
                0x008006fb                _end = .
                0x008006fb                PROVIDE (__heap_start, .)

.eeprom         0x00810000        0x0
 *(.eeprom*)
                0x00810000                __eeprom_end = .

.fuse
 *(.fuse)
 *(.lfuse)
 *(.hfuse)
 *(.efuse)

.lock
 *(.lock*)

.signature
 *(.signature*)

.user_signatures
 *(.user_signatures*)

.stab
 *(.stab)

.stabstr
 *(.stabstr)

.stab.excl
 *(.stab.excl)

.stab.exclstr
 *(.stab.exclstr)

.stab.index
 *(.stab.index)

.stab.indexstr
 *(.stab.indexstr)

.comment        0x00000000       0x30
 *(.comment)
 .comment       0x00000000       0x30 Sketch.o
                                 0x31 (size before relaxing)
 .comment       0x00000030       0x31 src/libraries/LiquidCrystal/src/I2CIO.o
 .comment       0x00000030       0x31 src/libraries/LiquidCrystal/src/LCD.o
 .comment       0x00000030       0x31 src/libraries/LiquidCrystal/src/LiquidCrystal_I2C.o
 .comment       0x00000030       0x31 src/libraries/SD/src/File.o
 .comment       0x00000030       0x31 src/libraries/SD/src/SD.o
 .comment       0x00000030       0x31 src/libraries/SD/src/utility/Sd2Card.o
 .comment       0x00000030       0x31 src/libraries/SD/src/utility/SdFile.o
 .comment       0x00000030       0x31 src/libraries/SD/src/utility/SdVolume.o
 .comment       0x00000030       0x31 src/libraries/SPI/src/SPI.o
 .comment       0x00000030       0x31 src/libraries/TimerOne/TimerOne.o
 .comment       0x00000030       0x31 src/libraries/Wire/src/utility/twi.o
 .comment       0x00000030       0x31 src/libraries/Wire/src/Wire.o
 .comment       0x00000030       0x31 C:\Users\Mike\Google Drive\Projects\metronome\source_code\Metronome\Metronome\ArduinoCore\Release\libArduinoCore.a(abi.o)
 .comment       0x00000030       0x31 C:\Users\Mike\Google Drive\Projects\metronome\source_code\Metronome\Metronome\ArduinoCore\Release\libArduinoCore.a(HardwareSerial.o)
 .comment       0x00000030       0x31 C:\Users\Mike\Google Drive\Projects\metronome\source_code\Metronome\Metronome\ArduinoCore\Release\libArduinoCore.a(HardwareSerial0.o)
 .comment       0x00000030       0x31 C:\Users\Mike\Google Drive\Projects\metronome\source_code\Metronome\Metronome\ArduinoCore\Release\libArduinoCore.a(main.o)
 .comment       0x00000030       0x31 C:\Users\Mike\Google Drive\Projects\metronome\source_code\Metronome\Metronome\ArduinoCore\Release\libArduinoCore.a(Print.o)
 .comment       0x00000030       0x31 C:\Users\Mike\Google Drive\Projects\metronome\source_code\Metronome\Metronome\ArduinoCore\Release\libArduinoCore.a(wiring.o)
 .comment       0x00000030       0x31 C:\Users\Mike\Google Drive\Projects\metronome\source_code\Metronome\Metronome\ArduinoCore\Release\libArduinoCore.a(wiring_digital.o)
 .comment       0x00000030       0x31 C:\Users\Mike\Google Drive\Projects\metronome\source_code\Metronome\Metronome\ArduinoCore\Release\libArduinoCore.a(hooks.o)
 .comment       0x00000030       0x31 c:/program files (x86)/atmel/studio/7.0/toolchain/avr8/avr8-gnu-toolchain/bin/../lib/gcc/avr/4.9.2/../../../../avr/lib/avr5\libc.a(malloc.o)

.note.gnu.avr.deviceinfo
                0x00000000       0x40
 .note.gnu.avr.deviceinfo
                0x00000000       0x40 C:/Program Files (x86)/Atmel/Studio/7.0/Packs/atmel/ATmega_DFP/1.0.98/gcc/dev/atmega328p/avr5/crtatmega328p.o

.note.gnu.build-id
 *(.note.gnu.build-id)

.debug
 *(.debug)

.line
 *(.line)

.debug_srcinfo
 *(.debug_srcinfo)

.debug_sfnames
 *(.debug_sfnames)

.debug_aranges  0x00000000      0xa98
 *(.debug_aranges)
 .debug_aranges
                0x00000000       0xb0 Sketch.o
 .debug_aranges
                0x000000b0       0x60 src/libraries/LiquidCrystal/src/I2CIO.o
 .debug_aranges
                0x00000110      0x100 src/libraries/LiquidCrystal/src/LCD.o
 .debug_aranges
                0x00000210       0x88 src/libraries/LiquidCrystal/src/LiquidCrystal_I2C.o
 .debug_aranges
                0x00000298       0xa0 src/libraries/SD/src/File.o
 .debug_aranges
                0x00000338       0xa0 src/libraries/SD/src/SD.o
 .debug_aranges
                0x000003d8       0xe8 src/libraries/SD/src/utility/Sd2Card.o
 .debug_aranges
                0x000004c0      0x130 src/libraries/SD/src/utility/SdFile.o
 .debug_aranges
                0x000005f0       0x60 src/libraries/SD/src/utility/SdVolume.o
 .debug_aranges
                0x00000650       0x38 src/libraries/SPI/src/SPI.o
 .debug_aranges
                0x00000688       0x20 src/libraries/TimerOne/TimerOne.o
 .debug_aranges
                0x000006a8       0x78 src/libraries/Wire/src/utility/twi.o
 .debug_aranges
                0x00000720       0xe8 src/libraries/Wire/src/Wire.o
 .debug_aranges
                0x00000808       0x28 C:\Users\Mike\Google Drive\Projects\metronome\source_code\Metronome\Metronome\ArduinoCore\Release\libArduinoCore.a(abi.o)
 .debug_aranges
                0x00000830       0x68 C:\Users\Mike\Google Drive\Projects\metronome\source_code\Metronome\Metronome\ArduinoCore\Release\libArduinoCore.a(HardwareSerial.o)
 .debug_aranges
                0x00000898       0x38 C:\Users\Mike\Google Drive\Projects\metronome\source_code\Metronome\Metronome\ArduinoCore\Release\libArduinoCore.a(HardwareSerial0.o)
 .debug_aranges
                0x000008d0       0x38 C:\Users\Mike\Google Drive\Projects\metronome\source_code\Metronome\Metronome\ArduinoCore\Release\libArduinoCore.a(main.o)
 .debug_aranges
                0x00000908       0xf0 C:\Users\Mike\Google Drive\Projects\metronome\source_code\Metronome\Metronome\ArduinoCore\Release\libArduinoCore.a(Print.o)
 .debug_aranges
                0x000009f8       0x48 C:\Users\Mike\Google Drive\Projects\metronome\source_code\Metronome\Metronome\ArduinoCore\Release\libArduinoCore.a(wiring.o)
 .debug_aranges
                0x00000a40       0x38 C:\Users\Mike\Google Drive\Projects\metronome\source_code\Metronome\Metronome\ArduinoCore\Release\libArduinoCore.a(wiring_digital.o)
 .debug_aranges
                0x00000a78       0x20 C:\Users\Mike\Google Drive\Projects\metronome\source_code\Metronome\Metronome\ArduinoCore\Release\libArduinoCore.a(hooks.o)

.debug_pubnames
 *(.debug_pubnames)

.debug_info     0x00000000    0x22744
 *(.debug_info .gnu.linkonce.wi.*)
 .debug_info    0x00000000     0x48e3 Sketch.o
 .debug_info    0x000048e3      0x7c6 src/libraries/LiquidCrystal/src/I2CIO.o
 .debug_info    0x000050a9     0x1279 src/libraries/LiquidCrystal/src/LCD.o
 .debug_info    0x00006322     0x12a0 src/libraries/LiquidCrystal/src/LiquidCrystal_I2C.o
 .debug_info    0x000075c2     0x2845 src/libraries/SD/src/File.o
 .debug_info    0x00009e07     0x49e4 src/libraries/SD/src/SD.o
 .debug_info    0x0000e7eb     0x2e4f src/libraries/SD/src/utility/Sd2Card.o
 .debug_info    0x0001163a     0x5169 src/libraries/SD/src/utility/SdFile.o
 .debug_info    0x000167a3     0x2624 src/libraries/SD/src/utility/SdVolume.o
 .debug_info    0x00018dc7      0x688 src/libraries/SPI/src/SPI.o
 .debug_info    0x0001944f      0x399 src/libraries/TimerOne/TimerOne.o
 .debug_info    0x000197e8      0x5d2 src/libraries/Wire/src/utility/twi.o
 .debug_info    0x00019dba     0x240f src/libraries/Wire/src/Wire.o
 .debug_info    0x0001c1c9       0x8e C:\Users\Mike\Google Drive\Projects\metronome\source_code\Metronome\Metronome\ArduinoCore\Release\libArduinoCore.a(abi.o)
 .debug_info    0x0001c257     0x1b55 C:\Users\Mike\Google Drive\Projects\metronome\source_code\Metronome\Metronome\ArduinoCore\Release\libArduinoCore.a(HardwareSerial.o)
 .debug_info    0x0001ddac     0x1770 C:\Users\Mike\Google Drive\Projects\metronome\source_code\Metronome\Metronome\ArduinoCore\Release\libArduinoCore.a(HardwareSerial0.o)
 .debug_info    0x0001f51c      0x225 C:\Users\Mike\Google Drive\Projects\metronome\source_code\Metronome\Metronome\ArduinoCore\Release\libArduinoCore.a(main.o)
 .debug_info    0x0001f741     0x2704 C:\Users\Mike\Google Drive\Projects\metronome\source_code\Metronome\Metronome\ArduinoCore\Release\libArduinoCore.a(Print.o)
 .debug_info    0x00021e45      0x2c8 C:\Users\Mike\Google Drive\Projects\metronome\source_code\Metronome\Metronome\ArduinoCore\Release\libArduinoCore.a(wiring.o)
 .debug_info    0x0002210d      0x5f9 C:\Users\Mike\Google Drive\Projects\metronome\source_code\Metronome\Metronome\ArduinoCore\Release\libArduinoCore.a(wiring_digital.o)
 .debug_info    0x00022706       0x3e C:\Users\Mike\Google Drive\Projects\metronome\source_code\Metronome\Metronome\ArduinoCore\Release\libArduinoCore.a(hooks.o)

.debug_abbrev   0x00000000     0x50c8
 *(.debug_abbrev)
 .debug_abbrev  0x00000000      0x926 Sketch.o
 .debug_abbrev  0x00000926      0x2b5 src/libraries/LiquidCrystal/src/I2CIO.o
 .debug_abbrev  0x00000bdb      0x39b src/libraries/LiquidCrystal/src/LCD.o
 .debug_abbrev  0x00000f76      0x3cd src/libraries/LiquidCrystal/src/LiquidCrystal_I2C.o
 .debug_abbrev  0x00001343      0x524 src/libraries/SD/src/File.o
 .debug_abbrev  0x00001867      0x80c src/libraries/SD/src/SD.o
 .debug_abbrev  0x00002073      0x67e src/libraries/SD/src/utility/Sd2Card.o
 .debug_abbrev  0x000026f1      0x86b src/libraries/SD/src/utility/SdFile.o
 .debug_abbrev  0x00002f5c      0x58c src/libraries/SD/src/utility/SdVolume.o
 .debug_abbrev  0x000034e8      0x285 src/libraries/SPI/src/SPI.o
 .debug_abbrev  0x0000376d      0x13e src/libraries/TimerOne/TimerOne.o
 .debug_abbrev  0x000038ab      0x25f src/libraries/Wire/src/utility/twi.o
 .debug_abbrev  0x00003b0a      0x598 src/libraries/Wire/src/Wire.o
 .debug_abbrev  0x000040a2       0x5e C:\Users\Mike\Google Drive\Projects\metronome\source_code\Metronome\Metronome\ArduinoCore\Release\libArduinoCore.a(abi.o)
 .debug_abbrev  0x00004100      0x432 C:\Users\Mike\Google Drive\Projects\metronome\source_code\Metronome\Metronome\ArduinoCore\Release\libArduinoCore.a(HardwareSerial.o)
 .debug_abbrev  0x00004532      0x37c C:\Users\Mike\Google Drive\Projects\metronome\source_code\Metronome\Metronome\ArduinoCore\Release\libArduinoCore.a(HardwareSerial0.o)
 .debug_abbrev  0x000048ae      0x102 C:\Users\Mike\Google Drive\Projects\metronome\source_code\Metronome\Metronome\ArduinoCore\Release\libArduinoCore.a(main.o)
 .debug_abbrev  0x000049b0      0x44e C:\Users\Mike\Google Drive\Projects\metronome\source_code\Metronome\Metronome\ArduinoCore\Release\libArduinoCore.a(Print.o)
 .debug_abbrev  0x00004dfe      0x145 C:\Users\Mike\Google Drive\Projects\metronome\source_code\Metronome\Metronome\ArduinoCore\Release\libArduinoCore.a(wiring.o)
 .debug_abbrev  0x00004f43      0x15b C:\Users\Mike\Google Drive\Projects\metronome\source_code\Metronome\Metronome\ArduinoCore\Release\libArduinoCore.a(wiring_digital.o)
 .debug_abbrev  0x0000509e       0x2a C:\Users\Mike\Google Drive\Projects\metronome\source_code\Metronome\Metronome\ArduinoCore\Release\libArduinoCore.a(hooks.o)

.debug_line     0x00000000     0x44c8
 *(.debug_line .debug_line.* .debug_line_end)
 .debug_line    0x00000000      0x57e Sketch.o
 .debug_line    0x0000057e      0x2c5 src/libraries/LiquidCrystal/src/I2CIO.o
 .debug_line    0x00000843      0x465 src/libraries/LiquidCrystal/src/LCD.o
 .debug_line    0x00000ca8      0x379 src/libraries/LiquidCrystal/src/LiquidCrystal_I2C.o
 .debug_line    0x00001021      0x428 src/libraries/SD/src/File.o
 .debug_line    0x00001449      0x524 src/libraries/SD/src/SD.o
 .debug_line    0x0000196d      0x67d src/libraries/SD/src/utility/Sd2Card.o
 .debug_line    0x00001fea      0x98e src/libraries/SD/src/utility/SdFile.o
 .debug_line    0x00002978      0x34d src/libraries/SD/src/utility/SdVolume.o
 .debug_line    0x00002cc5      0x228 src/libraries/SPI/src/SPI.o
 .debug_line    0x00002eed      0x14d src/libraries/TimerOne/TimerOne.o
 .debug_line    0x0000303a      0x2ab src/libraries/Wire/src/utility/twi.o
 .debug_line    0x000032e5      0x3d9 src/libraries/Wire/src/Wire.o
 .debug_line    0x000036be       0xb3 C:\Users\Mike\Google Drive\Projects\metronome\source_code\Metronome\Metronome\ArduinoCore\Release\libArduinoCore.a(abi.o)
 .debug_line    0x00003771      0x2c6 C:\Users\Mike\Google Drive\Projects\metronome\source_code\Metronome\Metronome\ArduinoCore\Release\libArduinoCore.a(HardwareSerial.o)
 .debug_line    0x00003a37      0x211 C:\Users\Mike\Google Drive\Projects\metronome\source_code\Metronome\Metronome\ArduinoCore\Release\libArduinoCore.a(HardwareSerial0.o)
 .debug_line    0x00003c48      0x149 C:\Users\Mike\Google Drive\Projects\metronome\source_code\Metronome\Metronome\ArduinoCore\Release\libArduinoCore.a(main.o)
 .debug_line    0x00003d91      0x414 C:\Users\Mike\Google Drive\Projects\metronome\source_code\Metronome\Metronome\ArduinoCore\Release\libArduinoCore.a(Print.o)
 .debug_line    0x000041a5      0x195 C:\Users\Mike\Google Drive\Projects\metronome\source_code\Metronome\Metronome\ArduinoCore\Release\libArduinoCore.a(wiring.o)
 .debug_line    0x0000433a      0x14e C:\Users\Mike\Google Drive\Projects\metronome\source_code\Metronome\Metronome\ArduinoCore\Release\libArduinoCore.a(wiring_digital.o)
 .debug_line    0x00004488       0x40 C:\Users\Mike\Google Drive\Projects\metronome\source_code\Metronome\Metronome\ArduinoCore\Release\libArduinoCore.a(hooks.o)

.debug_frame    0x00000000     0x256c
 *(.debug_frame)
 .debug_frame   0x00000000      0x268 Sketch.o
 .debug_frame   0x00000268       0xd8 src/libraries/LiquidCrystal/src/I2CIO.o
 .debug_frame   0x00000340      0x268 src/libraries/LiquidCrystal/src/LCD.o
 .debug_frame   0x000005a8      0x278 src/libraries/LiquidCrystal/src/LiquidCrystal_I2C.o
 .debug_frame   0x00000820      0x1b0 src/libraries/SD/src/File.o
 .debug_frame   0x000009d0      0x2b4 src/libraries/SD/src/SD.o
 .debug_frame   0x00000c84      0x3e4 src/libraries/SD/src/utility/Sd2Card.o
 .debug_frame   0x00001068      0x6ec src/libraries/SD/src/utility/SdFile.o
 .debug_frame   0x00001754      0x27c src/libraries/SD/src/utility/SdVolume.o
 .debug_frame   0x000019d0       0x5c src/libraries/SPI/src/SPI.o
 .debug_frame   0x00001a2c       0x6c src/libraries/TimerOne/TimerOne.o
 .debug_frame   0x00001a98      0x124 src/libraries/Wire/src/utility/twi.o
 .debug_frame   0x00001bbc      0x258 src/libraries/Wire/src/Wire.o
 .debug_frame   0x00001e14       0x34 C:\Users\Mike\Google Drive\Projects\metronome\source_code\Metronome\Metronome\ArduinoCore\Release\libArduinoCore.a(abi.o)
 .debug_frame   0x00001e48      0x110 C:\Users\Mike\Google Drive\Projects\metronome\source_code\Metronome\Metronome\ArduinoCore\Release\libArduinoCore.a(HardwareSerial.o)
 .debug_frame   0x00001f58       0xc0 C:\Users\Mike\Google Drive\Projects\metronome\source_code\Metronome\Metronome\ArduinoCore\Release\libArduinoCore.a(HardwareSerial0.o)
 .debug_frame   0x00002018       0x54 C:\Users\Mike\Google Drive\Projects\metronome\source_code\Metronome\Metronome\ArduinoCore\Release\libArduinoCore.a(main.o)
 .debug_frame   0x0000206c      0x39c C:\Users\Mike\Google Drive\Projects\metronome\source_code\Metronome\Metronome\ArduinoCore\Release\libArduinoCore.a(Print.o)
 .debug_frame   0x00002408       0xc4 C:\Users\Mike\Google Drive\Projects\metronome\source_code\Metronome\Metronome\ArduinoCore\Release\libArduinoCore.a(wiring.o)
 .debug_frame   0x000024cc       0x7c C:\Users\Mike\Google Drive\Projects\metronome\source_code\Metronome\Metronome\ArduinoCore\Release\libArduinoCore.a(wiring_digital.o)
 .debug_frame   0x00002548       0x24 C:\Users\Mike\Google Drive\Projects\metronome\source_code\Metronome\Metronome\ArduinoCore\Release\libArduinoCore.a(hooks.o)

.debug_str      0x00000000     0x5c04
 *(.debug_str)
 .debug_str     0x00000000     0x2e46 Sketch.o
                               0x2fe1 (size before relaxing)
 .debug_str     0x00002e46      0x220 src/libraries/LiquidCrystal/src/I2CIO.o
                                0x4b4 (size before relaxing)
 .debug_str     0x00003066      0x43c src/libraries/LiquidCrystal/src/LCD.o
                                0x6fd (size before relaxing)
 .debug_str     0x000034a2      0x27d src/libraries/LiquidCrystal/src/LiquidCrystal_I2C.o
                                0x6e8 (size before relaxing)
 .debug_str     0x0000371f      0x34e src/libraries/SD/src/File.o
                               0x19b3 (size before relaxing)
 .debug_str     0x00003a6d      0x455 src/libraries/SD/src/SD.o
                               0x2a4a (size before relaxing)
 .debug_str     0x00003ec2      0x3f8 src/libraries/SD/src/utility/Sd2Card.o
                               0x1255 (size before relaxing)
 .debug_str     0x000042ba      0x8b0 src/libraries/SD/src/utility/SdFile.o
                               0x263e (size before relaxing)
 .debug_str     0x00004b6a      0x106 src/libraries/SD/src/utility/SdVolume.o
                               0x1a86 (size before relaxing)
 .debug_str     0x00004c70       0xed src/libraries/SPI/src/SPI.o
                                0x663 (size before relaxing)
 .debug_str     0x00004d5d       0x85 src/libraries/TimerOne/TimerOne.o
                                0x49b (size before relaxing)
 .debug_str     0x00004de2      0x28a src/libraries/Wire/src/utility/twi.o
                                0x3a8 (size before relaxing)
 .debug_str     0x0000506c      0x414 src/libraries/Wire/src/Wire.o
                               0x14f4 (size before relaxing)
 .debug_str     0x00005480       0xa5 C:\Users\Mike\Google Drive\Projects\metronome\source_code\Metronome\Metronome\ArduinoCore\Release\libArduinoCore.a(abi.o)
                                0x1af (size before relaxing)
 .debug_str     0x00005525      0x304 C:\Users\Mike\Google Drive\Projects\metronome\source_code\Metronome\Metronome\ArduinoCore\Release\libArduinoCore.a(HardwareSerial.o)
                               0x124d (size before relaxing)
 .debug_str     0x00005829       0x47 C:\Users\Mike\Google Drive\Projects\metronome\source_code\Metronome\Metronome\ArduinoCore\Release\libArduinoCore.a(HardwareSerial0.o)
                               0x1047 (size before relaxing)
 .debug_str     0x00005870       0x43 C:\Users\Mike\Google Drive\Projects\metronome\source_code\Metronome\Metronome\ArduinoCore\Release\libArduinoCore.a(main.o)
                                0x2a0 (size before relaxing)
 .debug_str     0x000058b3      0x262 C:\Users\Mike\Google Drive\Projects\metronome\source_code\Metronome\Metronome\ArduinoCore\Release\libArduinoCore.a(Print.o)
                                0xec0 (size before relaxing)
 .debug_str     0x00005b15       0x67 C:\Users\Mike\Google Drive\Projects\metronome\source_code\Metronome\Metronome\ArduinoCore\Release\libArduinoCore.a(wiring.o)
                                0x24a (size before relaxing)
 .debug_str     0x00005b7c       0x6c C:\Users\Mike\Google Drive\Projects\metronome\source_code\Metronome\Metronome\ArduinoCore\Release\libArduinoCore.a(wiring_digital.o)
                                0x2af (size before relaxing)
 .debug_str     0x00005be8       0x1c C:\Users\Mike\Google Drive\Projects\metronome\source_code\Metronome\Metronome\ArduinoCore\Release\libArduinoCore.a(hooks.o)
                                0x13f (size before relaxing)

.debug_loc      0x00000000     0xecce
 *(.debug_loc)
 .debug_loc     0x00000000      0x9ba Sketch.o
 .debug_loc     0x000009ba      0x542 src/libraries/LiquidCrystal/src/I2CIO.o
 .debug_loc     0x00000efc      0x8e6 src/libraries/LiquidCrystal/src/LCD.o
 .debug_loc     0x000017e2     0x11f3 src/libraries/LiquidCrystal/src/LiquidCrystal_I2C.o
 .debug_loc     0x000029d5      0x88d src/libraries/SD/src/File.o
 .debug_loc     0x00003262     0x154a src/libraries/SD/src/SD.o
 .debug_loc     0x000047ac     0x1e28 src/libraries/SD/src/utility/Sd2Card.o
 .debug_loc     0x000065d4     0x37fa src/libraries/SD/src/utility/SdFile.o
 .debug_loc     0x00009dce      0xffb src/libraries/SD/src/utility/SdVolume.o
 .debug_loc     0x0000adc9      0x1e4 src/libraries/SPI/src/SPI.o
 .debug_loc     0x0000afad       0xcb src/libraries/TimerOne/TimerOne.o
 .debug_loc     0x0000b078      0x3d7 src/libraries/Wire/src/utility/twi.o
 .debug_loc     0x0000b44f      0xb46 src/libraries/Wire/src/Wire.o
 .debug_loc     0x0000bf95      0x497 C:\Users\Mike\Google Drive\Projects\metronome\source_code\Metronome\Metronome\ArduinoCore\Release\libArduinoCore.a(HardwareSerial.o)
 .debug_loc     0x0000c42c      0x161 C:\Users\Mike\Google Drive\Projects\metronome\source_code\Metronome\Metronome\ArduinoCore\Release\libArduinoCore.a(HardwareSerial0.o)
 .debug_loc     0x0000c58d     0x1ef5 C:\Users\Mike\Google Drive\Projects\metronome\source_code\Metronome\Metronome\ArduinoCore\Release\libArduinoCore.a(Print.o)
 .debug_loc     0x0000e482      0x269 C:\Users\Mike\Google Drive\Projects\metronome\source_code\Metronome\Metronome\ArduinoCore\Release\libArduinoCore.a(wiring.o)
 .debug_loc     0x0000e6eb      0x5e3 C:\Users\Mike\Google Drive\Projects\metronome\source_code\Metronome\Metronome\ArduinoCore\Release\libArduinoCore.a(wiring_digital.o)

.debug_macinfo
 *(.debug_macinfo)

.debug_weaknames
 *(.debug_weaknames)

.debug_funcnames
 *(.debug_funcnames)

.debug_typenames
 *(.debug_typenames)

.debug_varnames
 *(.debug_varnames)

.debug_pubtypes
 *(.debug_pubtypes)

.debug_ranges   0x00000000      0xdb8
 *(.debug_ranges)
 .debug_ranges  0x00000000      0x100 Sketch.o
 .debug_ranges  0x00000100       0x68 src/libraries/LiquidCrystal/src/I2CIO.o
 .debug_ranges  0x00000168      0x108 src/libraries/LiquidCrystal/src/LCD.o
 .debug_ranges  0x00000270       0x78 src/libraries/LiquidCrystal/src/LiquidCrystal_I2C.o
 .debug_ranges  0x000002e8       0x90 src/libraries/SD/src/File.o
 .debug_ranges  0x00000378       0xd8 src/libraries/SD/src/SD.o
 .debug_ranges  0x00000450      0x128 src/libraries/SD/src/utility/Sd2Card.o
 .debug_ranges  0x00000578      0x3c0 src/libraries/SD/src/utility/SdFile.o
 .debug_ranges  0x00000938       0x98 src/libraries/SD/src/utility/SdVolume.o
 .debug_ranges  0x000009d0       0x28 src/libraries/SPI/src/SPI.o
 .debug_ranges  0x000009f8       0x10 src/libraries/TimerOne/TimerOne.o
 .debug_ranges  0x00000a08       0x68 src/libraries/Wire/src/utility/twi.o
 .debug_ranges  0x00000a70       0xd8 src/libraries/Wire/src/Wire.o
 .debug_ranges  0x00000b48       0x18 C:\Users\Mike\Google Drive\Projects\metronome\source_code\Metronome\Metronome\ArduinoCore\Release\libArduinoCore.a(abi.o)
 .debug_ranges  0x00000b60       0x70 C:\Users\Mike\Google Drive\Projects\metronome\source_code\Metronome\Metronome\ArduinoCore\Release\libArduinoCore.a(HardwareSerial.o)
 .debug_ranges  0x00000bd0       0x28 C:\Users\Mike\Google Drive\Projects\metronome\source_code\Metronome\Metronome\ArduinoCore\Release\libArduinoCore.a(HardwareSerial0.o)
 .debug_ranges  0x00000bf8       0x28 C:\Users\Mike\Google Drive\Projects\metronome\source_code\Metronome\Metronome\ArduinoCore\Release\libArduinoCore.a(main.o)
 .debug_ranges  0x00000c20      0x128 C:\Users\Mike\Google Drive\Projects\metronome\source_code\Metronome\Metronome\ArduinoCore\Release\libArduinoCore.a(Print.o)
 .debug_ranges  0x00000d48       0x38 C:\Users\Mike\Google Drive\Projects\metronome\source_code\Metronome\Metronome\ArduinoCore\Release\libArduinoCore.a(wiring.o)
 .debug_ranges  0x00000d80       0x28 C:\Users\Mike\Google Drive\Projects\metronome\source_code\Metronome\Metronome\ArduinoCore\Release\libArduinoCore.a(wiring_digital.o)
 .debug_ranges  0x00000da8       0x10 C:\Users\Mike\Google Drive\Projects\metronome\source_code\Metronome\Metronome\ArduinoCore\Release\libArduinoCore.a(hooks.o)

.debug_macro
 *(.debug_macro)
OUTPUT(Metronome.elf elf32-avr)
LOAD linker stubs
